// Vitest Snapshot v1, https://vitest.dev/guide/snapshot.html

exports[`GifsApp > should render component properly 1`] = `
<div>
  <div
    class="content-center"
  >
    <h1>
      Buscador de Gifs
    </h1>
    <p>
      Descubre y comparte el gif perfecto
    </p>
  </div>
  <div>
    <div
      class="search-container"
    >
      <input
        placeholder="Buscar gifs"
        type="text"
        value=""
      />
      <button>
        Buscar
      </button>
    </div>
  </div>
  <div
    class="previous-searches"
  >
    <h2>
      Búsquedas previas
    </h2>
    <ul
      class="previous-searches-list"
    />
  </div>
  <div
    class="gifs-container"
  />
  <div>
    <div>
      0
    </div>
    <p>
      Variable Local se reinicia: 
      0
    </p>
    <p>
      Estado se mantiene: 
      0
    </p>
    <button>
      Incrementar
    </button>
  </div>
  <button>
    Incrementa el titulo 
    0
  </button>
</div>
`;
